// Jest Snapshot v1, https://goo.gl/fbAQLP

exports[`MoodItem  no snapshot difference between  filled components 1`] = `
"Snapshot Diff:
Compared values have no visual difference."
`;

exports[`MoodItem no snapshot difference between equal components 1`] = `
"Snapshot Diff:
Compared values have no visual difference."
`;

exports[`MoodItem no snapshot difference between not filled components 1`] = `
"Snapshot Diff:
Compared values have no visual difference."
`;
