// Jest Snapshot v1, https://goo.gl/fbAQLP

exports[`MoodView no snapshot difference between components 1`] = `
"Snapshot Diff:
Compared values have no visual difference."
`;

exports[`MoodView no snapshot difference between equal components 1`] = `
"Snapshot Diff:
Compared values have no visual difference."
`;
